// Jest Snapshot v1, https://goo.gl/fbAQLP

exports[`should render ExpenseListItem 1`] = `
<div>
  <Link
    replace={false}
    to="/edit/1"
  >
    <h3>
      A
    </h3>
  </Link>
  <p>
    $1,000,000.00
    -
    January 2nd, 1970
  </p>
</div>
`;
